2025-04-03 14:59:06,643 - utils - INFO - Начало, чтение файла 'operations.xlsx'
2025-04-03 14:59:06,644 - utils - INFO - Чтение файла 'operations.xlsx' успешно
2025-04-03 14:59:06,645 - utils - INFO - Начало, чтение файла 'operations.xlsx'
2025-04-03 14:59:06,646 - utils - ERROR - Ошибка чтения файла 'operations.xlsx' - неправильное имя или путь к файлу, ошибка: [Errno 2] No such file or directory: './data/operatons.xlsx'
2025-04-03 14:59:06,648 - utils - INFO - Начало функций time_of_a_day
2025-04-03 14:59:06,648 - utils - INFO - Функция time_of_a_day завершена успешно
2025-04-03 14:59:06,649 - utils - INFO - Начало функций time_of_a_day
2025-04-03 14:59:06,649 - utils - INFO - Функция time_of_a_day завершена успешно
2025-04-03 14:59:06,651 - utils - INFO - Начало функций time_of_a_day
2025-04-03 14:59:06,651 - utils - INFO - Функция time_of_a_day завершена успешно
2025-04-03 14:59:06,652 - utils - INFO - Начало функций time_of_a_day
2025-04-03 14:59:06,652 - utils - INFO - Функция time_of_a_day завершена успешно
2025-04-03 14:59:06,654 - utils - INFO - Начало функций time_of_a_day
2025-04-03 14:59:06,654 - utils - INFO - Функция time_of_a_day завершена успешно
2025-04-03 14:59:06,657 - utils - INFO - Начало функций time_of_a_day
2025-04-03 14:59:06,657 - utils - INFO - Функция time_of_a_day завершена успешно
2025-04-03 14:59:06,659 - utils - INFO - Начало функций time_of_a_day
2025-04-03 14:59:06,659 - utils - INFO - Функция time_of_a_day завершена успешно
2025-04-03 14:59:06,661 - utils - INFO - Начало функций time_of_a_day
2025-04-03 14:59:06,661 - utils - INFO - Функция time_of_a_day завершена успешно
2025-04-03 14:59:06,663 - utils - INFO - Начало функций filter_df_by_date
2025-04-03 14:59:06,666 - utils - INFO - Функция filter_df_by_date завершена успешно
2025-04-03 14:59:06,668 - utils - INFO - Начало функций filter_df_by_date
2025-04-03 14:59:06,669 - utils - ERROR - Ошибка ввода даты: day is out of range for month: 2021-05-32 13:04:15, at position 0
2025-04-03 14:59:06,671 - utils - INFO - Начало функций summary_by_card
2025-04-03 14:59:06,674 - utils - INFO - Функция summary_by_card завершена успешно
2025-04-03 14:59:06,676 - utils - INFO - Начало функций top_5_transactions
2025-04-03 14:59:06,676 - utils - INFO - Функция top_5_transactions завершена успешно
2025-04-03 14:59:06,678 - utils - INFO - Начало функции get_currency_rates
2025-04-03 14:59:06,678 - utils - INFO - данные из файла .env загружены успешно
2025-04-03 14:59:06,679 - utils - INFO - ключ API для сервиса APIlayer загружен успешно
2025-04-03 14:59:06,679 - utils - INFO - данные из файла user_settings.json загружены успешно
2025-04-03 14:59:06,679 - utils - INFO - Направляем запрос в APIlayer
2025-04-03 14:59:06,679 - utils - INFO - Запрос в APIlayer успешен
2025-04-03 14:59:06,679 - utils - INFO - Функция get_currency_rates завершена успешно
2025-04-03 14:59:06,680 - utils - INFO - Начало функции get_currency_rates
2025-04-03 14:59:06,681 - utils - INFO - данные из файла .env загружены успешно
2025-04-03 14:59:06,681 - utils - INFO - ключ API для сервиса APIlayer загружен успешно
2025-04-03 14:59:06,681 - utils - INFO - данные из файла user_settings.json загружены успешно
2025-04-03 14:59:06,681 - utils - INFO - Направляем запрос в APIlayer
2025-04-03 14:59:06,681 - utils - ERROR - Ошибка обращения к ресурсу APIlayer..
2025-04-03 14:59:06,683 - utils - INFO - Начало функции get_stock_prices
2025-04-03 14:59:06,683 - utils - INFO - данные из файла .env загружены успешно
2025-04-03 14:59:06,683 - utils - INFO - ключ API для сервиса marketstack загружен успешно
2025-04-03 14:59:06,683 - utils - INFO - Направляем запрос в marketstack
2025-04-03 14:59:06,683 - utils - INFO - Запрос в marketstack успешен
2025-04-03 14:59:06,683 - utils - INFO - Функция get_stock_prices завершена успешно
2025-04-03 14:59:06,685 - utils - INFO - Начало функции get_stock_prices
2025-04-03 14:59:06,685 - utils - INFO - данные из файла .env загружены успешно
2025-04-03 14:59:06,685 - utils - INFO - ключ API для сервиса marketstack загружен успешно
2025-04-03 14:59:06,686 - utils - INFO - Направляем запрос в marketstack
2025-04-03 14:59:06,686 - utils - ERROR - Ошибка обращения к ресурсу marketstack..
